// Jest Snapshot v1, https://goo.gl/fbAQLP

exports[`should render NotFoundPage 1`] = `
<div>
  404 Not Found... Go to 
  <Link
    replace={false}
    to="/"
  >
    Home Page
  </Link>
</div>
`;
